// Jest Snapshot v1, https://goo.gl/fbAQLP

exports[`renderer renders a Block component without a parent Message 1`] = `
Object {
  "blocks": Array [
    Object {
      "block_id": "section1",
      "text": Object {
        "emoji": true,
        "text": "section \`\`\`code\`\`\`",
        "type": "plain_text",
      },
      "type": "section",
    },
  ],
}
`;

exports[`renderer renders a ButtonElement 1`] = `
Object {
  "action_id": "doAThing",
  "style": undefined,
  "text": Object {
    "emoji": true,
    "text": "Go!",
    "type": "plain_text",
  },
  "type": "button",
  "url": undefined,
  "value": undefined,
}
`;
